WWWWWWWWWWWWWWWWWWWWWWWWWWWWWWWWWWWWWWWWWWWWWWWWWWWWWWWWWWWWWWWWWWWWWWWWWWWWWWWWWWWWWWWWWWWWWWWWWWWW
WGGGGGGGGGGGGGGGGGGGGGGGGGGGGGGGGGGGGGGGGGGGGGGGGGGGGGGGGGGGGGGGGGGGGGGGGGGGGGGGGGGGGGGGGGGGGGGGGGGW
WGGGGGGGGGGGGGGGGGGGGGGGGGGGGGGGGGGGGGGGGGGGGGGGGGGGGGGGGGGGGGGGGGGGGGGGGGGGGGGGGGGGGGGGGGGGGGGGGGGW
WGGGGGGGGGGGGGGGGGGGGGGGGGGGGGGGGGGGGGGGGGGGGGGGGGGGGGGGGGGGGGGGGGGGGGGGGGGGGGGGGGGGGGGGGGGGGGGGGGGW
WGGGGGGGGGGGGGGGGGGGGGGGGGGGGGGGGGGGGGGGGGGGGGGGGGGGGGGGGGGGGGGGGGGGGGGGGGGGGGGGGGGGGGGGGGGGGGGGGGGW
WGGGGGGGGGGGGGGGGGGGGGGGGGGGGGGGGGGGGGGGGGGGGGGGGGGGGGGGGGGGGGGGGGGGGGGGGGGGGGGGGGGGGGGGGGGGGGGGGGGW
WGGGGGGGGGGGGGGGGGGGGGGGGGGGGGGGGGGGGGGGGGGGGGGGGGGGGGGGGGGGGGGGGGGGGGGGGGGGGGGGGGGGGGGGGGGGGGGGGGGW
WGGGGGGGGGGGGGGGGGGGGGGGGGGGGGGGGGGGGGGGGGGGGGGGGGGGGGGGGGGGGGGGGGGGGGGGGGGGGGGGGGGGGGGGGGGGGGGGGGGW
WGGGGGGGGGGGGGGGGGGGGGGGGGGGGGGGGGGGGGGGGGGGGGGGGGGGGGGGGGGGGGGGGGGGGGGGGGGGGGGGGGGGGGGGGGGGGGGGGGGW
WGGGGGGGGGGGGGGGGGGGGGGGGGGGGGGGGGGGGGGGGGGGGGGGGGGGGGGGGGGGGGGGGGGGGGGGGGGGGGGGGGGGGGGGGGGGGGGGGGGW
WGGGGGGGGGGGGGGGGGGGGGGGGGGGGGGGGGGGGGGGGGGGGGGGGGGGGGGGGGGGGGGGGGGGGGGGGGGGGGGGGGGGGGGGGGGGGGGGGGGW
WGGGGGGGGGGGGGGGGGGGGGGGGGGGGGGGGGGGGGGGGGGGGGGGGGGGGGGGGGGGGGGGGGGGGGGGGGGGGGGGGGGGGGGGGGGGGGGGGGGW
WGGGGGGGGGGGGGGGGGGGGGGGGGGGGGGGGGGGGGGGGGGGGGGGGGGGGGGGGGGGGGGGGGGGGGGGGGGGGGGGGGGGGGGGGGGGGGGGGGGW
WGGGGGGGGGGGGGGGGGGGGGGGGGGGGGGGGGGGGGGGGGGGGGGGGGGGGGGGGGGGGGGGGGGGGGGGGGGGGGGGGGGGGGGGGGGGGGGGGGGW
WGGGGGGGGGGGGGGGGGGGGGGGGGGGGGGGGGGGGGGGGGGGGGGGGGGGGGGGGGGGGGGGGGGGGGGGGGGGGGGGGGGGGGGGGGGGGGGGGGGW
WGGGGGGGGGGGGGGGGGGGGGGGGGGGGGGGGGGGGGGGGGGGGGGGGGGGGGGGGGGGGGGGGGGGGGGGGGGGGGGGGGGGGGGGGGGGGGGGGGGW
WGGGGGGGGGGGGGGGGGGGGGGGGGGGGGGGGGGGGGGGGGGGGGGGGGGGGGGGGGGGGGGGGGGGGGGGGGGGGGGGGGGGGGGGGGGGGGGGGGGW
WGGGGGGGGGGGGGGGGGGGGGGGGGGGGGGGGGGGGGGGGGGGGGGGGGGGGGGGGGGGGGGGGGGGGGGGGGGGGGGGGGGGGGGGGGGGGGGGGGGW
WGGGGGGGGGGGGGGGGGGGGGGGGGGGGGGGGGGGGGGGGGGGGGGGGGGGGGGGGGGGGGGGGGGGGGGGGGGGGGGGGGGGGGGGGGGGGGGGGGGW
WGGGGGGGGGGGGGGGGGGGGGGGGGGGGGGGGGGGGGGGGGGGGGGGGGGGGGGGGGGGGGGGGGGGGGGGGGGGGGGGGGGGGGGGGGGGGGGGGGGW
WGGGGGGGGGGGGGGGGGGGGGGGGGGGGGGGGGGGGGGGGGGGGGGGGGGGGGGGGGGGGGGGGGGGGGGGGGGGGGGGGGGGGGGGGGGGGGGGGGGW
WGGGGGGGGGGGGGGGGGGGGGGGGGGGGGGGGGGGGGGGGGGGGGGGGGGGGGGGGGGGGGGGGGGGGGGGGGGGGGGGGGGGGGGGGGGGGGGGGGGW
WGGGGGGGGGGGGGGGGGGGGGGGGGGGGGGGGGGGGGGGGGGGGGGGGGGGGGGGGGGGGGGGGGGGGGGGGGGGGGGGGGGGGGGGGGGGGGGGGGGW
WGGGGGGGGGGGGGGGGGGGGGGGGGGGGGGGGGGGGGGGGGGGGGGGGGGGGGGGGGGGGGGGGGGGGGGGGGGGGGGGGGGGGGGGGGGGGGGGGGGW
WGGGGGGGGGGGGGGGGGGGGGGGGGGGGGGGGGGGGGGGGGGGGGGGGGGGGGGGGGGGGGGGGGGGGGGGGGGGGGGGGGGGGGGGGGGGGGGGGGGW
WGGGGGGGGGGGGGGGGGGGGGGGGGGGGGGGGGGGGGGGGGGGGGGGGGGGGGGGGGGGGGGGGGGGGGGGGGGGGGGGGGGGGGGGGGGGGGGGGGGW
WGGGGGGGGGGGGGGGGGGGGGGGGGGGGGGGGGGGGGGGGGGGGGGGGGGGGGGGGGGGGGGGGGGGGGGGGGGGGGGGGGGGGGGGGGGGGGGGGGGW
WGGGGGGGGGGGGGGGGGGGGGGGGGGGGGGGGGGGGGGGGGGGGGGGGGGGGGGGGGGGGGGGGGGGGGGGGGGGGGGGGGGGGGGGGGGGGGGGGGGW
WGGGGGGGGGGGGGGGGGGGGGGGGGGGGGGGGGGGGGGGGGGGGGGGGGGGGGGGGGGGGGGGGGGGGGGGGGGGGGGGGGGGGGGGGGGGGGGGGGGW
WGGGGGGGGGGGGGGGGGGGGGGGGGGGGGGGGGGGGGGGGGGGGGGGGGGGGGGGGGGGGGGGGGGGGGGGGGGGGGGGGGGGGGGGGGGGGGGGGGGW
WGGGGGGGGGGGGGGGGGGGGGGGGGGGGGGGGGGGGGGGGGGGGGGGGGGGGGGGGGGGGGGGGGGGGGGGGGGGGGGGGGGGGGGGGGGGGGGGGGGW
WGGGGGGGGGGGGGGGGGGGGGGGGGGGGGGGGGGGGGGGGGGGGGGGGGGGGGGGGGGGGGGGGGGGGGGGGGGGGGGGGGGGGGGGGGGGGGGGGGGW
WGGGGGGGGGGGGGGGGGGGGGGGGGGGGGGGGGGGGGGGGGGGGGGGGGGGGGGGGGGGGGGGGGGGGGGGGGGGGGGGGGGGGGGGGGGGGGGGGGGW
WGGGGGGGGGGGGGGGGGGGGGGGGGGGGGGGGGGGGGGGGGGGGGGGGGGGGGGGGGGGGGGGGGGGGGGGGGGGGGGGGGGGGGGGGGGGGGGGGGGW
WGGGGGGGGGGGGGGGGGGGGGGGGGGGGGGGGGGGGGGGGGGGGGGGGGGGGGGGGGGGGGGGGGGGGGGGGGGGGGGGGGGGGGGGGGGGGGGGGGGW
WGGGGGGGGGGGGGGGGGGGGGGGGGGGGGGGGGGGGGGGGGG~~~~~~~~~~~GGGGGGGGGGGGGGGGGGGGGGGGGGGGGGGGGGGGGGGGGGGGGW
WGGGGGGGGGGGGGGGGGGGGGGGGGGGGGGGGGGGGGGG~~~~~~~~~~~~~~~~~GGGGGGGGGGGGGGGGGGGGGGGGGGGGGGGGGGGGGGGGGGW
WGGGGGGGGGGGGGGGGGGGGGGGGGGGGGGGGGGGGG~~~~~~~~~~~~~~~~~~~~~GGGGGGGGGGGGGGGGGGGGGGGGGGGGGGGGGGGGGGGGW
WGGGGGGGGGGGGGGGGGGGGGGGGGGGGGGGGGGGG~~~~~~~~~~~~~~~~~~~~~~~GGGGGGGGGGGGGGGGGGGGGGGGGGGGGGGGGGGGGGGW
WGGGGGGGGGGGGGGGGGGGGGGGGGGGGGGGGGGG~~~~~~~~~~~~~~~~~~~~~~~~~GGGGGGGGGGGGGGGGGGGGGGGGGGGGGGGGGGGGGGW
WGGGGGGGGGGGGGGGGGGGGGGGGGGGGGGGGGGG~~GGGGGGGGGGGGGGGGGGGGG~~~GGGGGGGGGGGGGGGGGGGGGGGGGGGGGGGGGGGGGW
WGGGGGGGGGGGGGGGGGGGGGGGGGGGGGGGGGG~~~GWWWGGGGGGGGGGGGGWWWG~~~GGGGGGGGGGGGGGGGGGGGGGGGGGGGGGGGGGGGGW
WGGGGGGGGGGGGGGGGGGGGGGGGGGGGGGGGGG~~~GWWWWWWWWWWWWWWWWWWWG~~~~GGGGGGGGGGGGGGGGGGGGGGGGGGGGGGGGGGGGW
WGGGGGGGGGGGGGGGGGGGGGGGGGGGGGGGGGG~~~GWWWGGGGGGGGGGGGGWWWG~~~~GGGGGGGGGGGGGGGGGGGGGGGGGGGGGGGGGGGGW
WGGGGGGGGGGGGGGGGGGGGGGGGGGGGGGGGG~~~~GGWGGGGGGGGGGGGGGGWGG~~~~GGGGGGGGGGGGGGGGGGGGGGGGGGGGGGGGGGGGW
WGGGGGGGGGGGGGGGGGGGGGGGGGGGGGGGGG~~~~GGWGGGGGGGGGGGGGGGWGG~~~~~GGGGGGGGGGGGGGGGGGGGGGGGGGGGGGGGGGGW
WGGGGGGGGGGGGGGGGGGGGGGGGGGGGGGGGG~~~~GGWGGGGGGGGGGGGGGGWGG~~~~~GGGGGGGGGGGGGGGGGGGGGGGGGGGGGGGGGGGW
WGGGGGGGGGGGGGGGGGGGGGGGGGGGGGGGGG~~~~GGWGGGGWWWGWWWGGGGWGG~~~~~GGGGGGGGGGGGGGGGGGGGGGGGGGGGGGGGGGGW
WGGGGGGGGGGGGGGGGGGGGGGGGGGGGGGGGG~~~~GGWGGGGWGGGGGWGGGGWGG~~~~~GGGGGGGGGGGGGGGGGGGGGGGGGGGGGGGGGGGW
WGGGGGGGGGGGGGGGGGGGGGGGGGGGGGGGGGGGGGGGGGGGGWGGSGGWGGGGGGG~~~~~GGGGGGGGGGGGGGGGGGGGGGGGGGGGGGGGGGGW
WGGGGGGGGGGGGGGGGGGGGGGGGGGGGGGGGG~~~~GGWGGGGWGGGGGWGGGGWGG~~~~~GGGGGGGGGGGGGGGGGGGGGGGGGGGGGGGGGGGW
WGGGGGGGGGGGGGGGGGGGGGGGGGGGGGGGGG~~~~GGWGGGGWWWGWWWGGGGWGG~~~~~GGGGGGGGGGGGGGGGGGGGGGGGGGGGGGGGGGGW
WGGGGGGGGGGGGGGGGGGGGGGGGGGGGGGGGG~~~~GGWGGGGGGGGGGGGGGGWGG~~~~~GGGGGGGGGGGGGGGGGGGGGGGGGGGGGGGGGGGW
WGGGGGGGGGGGGGGGGGGGGGGGGGGGGGGGGG~~~~GGWGGGGGGGGGGGGGGGWGG~~~~~GGGGGGGGGGGGGGGGGGGGGGGGGGGGGGGGGGGW
WGGGGGGGGGGGGGGGGGGGGGGGGGGGGGGGGG~~~~GGWGGGGGGGGGGGGGGGWGG~~~~~GGGGGGGGGGGGGGGGGGGGGGGGGGGGGGGGGGGW
WGGGGGGGGGGGGGGGGGGGGGGGGGGGGGGGGG~~~~GWWWGGGGGGGGGGGGGWWWG~~~~GGGGGGGGGGGGGGGGGGGGGGGGGGGGGGGGGGGGW
WGGGGGGGGGGGGGGGGGGGGGGGGGGGGGGGGGG~~~GWWWWWWWWWWWWWWWWWWWG~~~~GGGGGGGGGGGGGGGGGGGGGGGGGGGGGGGGGGGGW
WGGGGGGGGGGGGGGGGGGGGGGGGGGGGGGGGGG~~~GWWWGGGGGGGGGGGGGWWWG~~~~GGGGGGGGGGGGGGGGGGGGGGGGGGGGGGGGGGGGW
WGGGGGGGGGGGGGGGGGGGGGGGGGGGGGGGGGG~~~GGGGGGGGGGGGGGGGGGGGG~~~GGGGGGGGGGGGGGGGGGGGGGGGGGGGGGGGGGGGGW
WGGGGGGGGGGGGGGGGGGGGGGGGGGGGGGGGGGG~~~~~~~~~~~~~~~~~~~~~~~~~~GGGGGGGGGGGGGGGGGGGGGGGGGGGGGGGGGGGGGW
WGGGGGGGGGGGGGGGGGGGGGGGGGGGGGGGGGGG~~~~~~~~~~~~~~~~~~~~~~~~~GGGGGGGGGGGGGGGGGGGGGGGGGGGGGGGGGGGGGGW
WGGGGGGGGGGGGGGGGGGGGGGGGGGGGGGGGGGGGG~~~~~~~~~~~~~~~~~~~~~GGGGGGGGGGGGGGGGGGGGGGGGGGGGGGGGGGGGGGGGW
WGGGGGGGGGGGGGGGGGGGGGGGGGGGGGGGGGGGGGGG~~~~~~~~~~~~~~~~~GGGGGGGGGGGGGGGGGGGGGGGGGGGGGGGGGGGGGGGGGGW
WGGGGGGGGGGGGGGGGGGGGGGGGGGGGGGGGGGGGGGGGGG~~~~~~~~~~~GGGGGGGGGGGGGGGGGGGGGGGGGGGGGGGGGGGGGGGGGGGGGW
WGGGGGGGGGGGGGGGGGGGGGGGGGGGGGGGGGGGGGGGGGGGGGGGGGGGGGGGGGGGGGGGGGGGGGGGGGGGGGGGGGGGGGGGGGGGGGGGGGGW
WGGGGGGGGGGGGGGGGGGGGGGGGGGGGGGGGGGGGGGGGGGGGGGGGGGGGGGGGGGGGGGGGGGGGGGGGGGGGGGGGGGGGGGGGGGGGGGGGGGW
WGGGGGGGGGGGGGGGGGGGGGGGGGGGGGGGGGGGGGGGGGGGGGGGGGGGGGGGGGGGGGGGGGGGGGGGGGGGGGGGGGGGGGGGGGGGGGGGGGGW
WGGGGGGGGGGGGGGGGGGGGGGGGGGGGGGGGGGGGGGGGGGGGGGGGGGGGGGGGGGGGGGGGGGGGGGGGGGGGGGGGGGGGGGGGGGGGGGGGGGW
WGGGGGGGGGGGGGGGGGGGGGGGGGGGGGGGGGGGGGGGGGGGGGGGGGGGGGGGGGGGGGGGGGGGGGGGGGGGGGGGGGGGGGGGGGGGGGGGGGGW
WGGGGGGGGGGGGGGGGGGGGGGGGGGGGGGGGGGGGGGGGGGGGGGGGGGGGGGGGGGGGGGGGGGGGGGGGGGGGGGGGGGGGGGGGGGGGGGGGGGW
WGGGGGGGGGGGGGGGGGGGGGGGGGGGGGGGGGGGGGGGGGGGGGGGGGGGGGGGGGGGGGGGGGGGGGGGGGGGGGGGGGGGGGGGGGGGGGGGGGGW
WGGGGGGGGGGGGGGGGGGGGGGGGGGGGGGGGGGGGGGGGGGGGGGGGGGGGGGGGGGGGGGGGGGGGGGGGGGGGGGGGGGGGGGGGGGGGGGGGGGW
WGGGGGGGGGGGGGGGGGGGGGGGGGGGGGGGGGGGGGGGGGGGGGGGGGGGGGGGGGGGGGGGGGGGGGGGGGGGGGGGGGGGGGGGGGGGGGGGGGGW
WGGGGGGGGGGGGGGGGGGGGGGGGGGGGGGGGGGGGGGGGGGGGGGGGGGGGGGGGGGGGGGGGGGGGGGGGGGGGGGGGGGGGGGGGGGGGGGGGGGW
WGGGGGGGGGGGGGGGGGGGGGGGGGGGGGGGGGGGGGGGGGGGGGGGGGGGGGGGGGGGGGGGGGGGGGGGGGGGGGGGGGGGGGGGGGGGGGGGGGGW
WGGGGGGGGGGGGGGGGGGGGGGGGGGGGGGGGGGGGGGGGGGGGGGGGGGGGGGGGGGGGGGGGGGGGGGGGGGGGGGGGGGGGGGGGGGGGGGGGGGW
WGGGGGGGGGGGGGGGGGGGGGGGGGGGGGGGGGGGGGGGGGGGGGGGGGGGGGGGGGGGGGGGGGGGGGGGGGGGGGGGGGGGGGGGGGGGGGGGGGGW
WGGGGGGGGGGGGGGGGGGGGGGGGGGGGGGGGGGGGGGGGGGGGGGGGGGGGGGGGGGGGGGGGGGGGGGGGGGGGGGGGGGGGGGGGGGGGGGGGGGW
WGGGGGGGGGGGGGGGGGGGGGGGGGGGGGGGGGGGGGGGGGGGGGGGGGGGGGGGGGGGGGGGGGGGGGGGGGGGGGGGGGGGGGGGGGGGGGGGGGGW
WGGGGGGGGGGGGGGGGGGGGGGGGGGGGGGGGGGGGGGGGGGGGGGGGGGGGGGGGGGGGGGGGGGGGGGGGGGGGGGGGGGGGGGGGGGGGGGGGGGW
WGGGGGGGGGGGGGGGGGGGGGGGGGGGGGGGGGGGGGGGGGGGGGGGGGGGGGGGGGGGGGGGGGGGGGGGGGGGGGGGGGGGGGGGGGGGGGGGGGGW
WGGGGGGGGGGGGGGGGGGGGGGGGGGGGGGGGGGGGGGGGGGGGGGGGGGGGGGGGGGGGGGGGGGGGGGGGGGGGGGGGGGGGGGGGGGGGGGGGGGW
WGGGGGGGGGGGGGGGGGGGGGGGGGGGGGGGGGGGGGGGGGGGGGGGGGGGGGGGGGGGGGGGGGGGGGGGGGGGGGGGGGGGGGGGGGGGGGGGGGGW
WGGGGGGGGGGGGGGGGGGGGGGGGGGGGGGGGGGGGGGGGGGGGGGGGGGGGGGGGGGGGGGGGGGGGGGGGGGGGGGGGGGGGGGGGGGGGGGGGGGW
WGGGGGGGGGGGGGGGGGGGGGGGGGGGGGGGGGGGGGGGGGGGGGGGGGGGGGGGGGGGGGGGGGGGGGGGGGGGGGGGGGGGGGGGGGGGGGGGGGGW
WGGGGGGGGGGGGGGGGGGGGGGGGGGGGGGGGGGGGGGGGGGGGGGGGGGGGGGGGGGGGGGGGGGGGGGGGGGGGGGGGGGGGGGGGGGGGGGGGGGW
WGGGGGGGGGGGGGGGGGGGGGGGGGGGGGGGGGGGGGGGGGGGGGGGGGGGGGGGGGGGGGGGGGGGGGGGGGGGGGGGGGGGGGGGGGGGGGGGGGGW
WGGGGGGGGGGGGGGGGGGGGGGGGGGGGGGGGGGGGGGGGGGGGGGGGGGGGGGGGGGGGGGGGGGGGGGGGGGGGGGGGGGGGGGGGGGGGGGGGGGW
WGGGGGGGGGGGGGGGGGGGGGGGGGGGGGGGGGGGGGGGGGGGGGGGGGGGGGGGGGGGGGGGGGGGGGGGGGGGGGGGGGGGGGGGGGGGGGGGGGGW
WGGGGGGGGGGGGGGGGGGGGGGGGGGGGGGGGGGGGGGGGGGGGGGGGGGGGGGGGGGGGGGGGGGGGGGGGGGGGGGGGGGGGGGGGGGGGGGGGGGW
WGGGGGGGGGGGGGGGGGGGGGGGGGGGGGGGGGGGGGGGGGGGGGGGGGGGGGGGGGGGGGGGGGGGGGGGGGGGGGGGGGGGGGGGGGGGGGGGGGGW
WGGGGGGGGGGGGGGGGGGGGGGGGGGGGGGGGGGGGGGGGGGGGGGGGGGGGGGGGGGGGGGGGGGGGGGGGGGGGGGGGGGGGGGGGGGGGGGGGGGW
WGGGGGGGGGGGGGGGGGGGGGGGGGGGGGGGGGGGGGGGGGGGGGGGGGGGGGGGGGGGGGGGGGGGGGGGGGGGGGGGGGGGGGGGGGGGGGGGGGGW
WGGGGGGGGGGGGGGGGGGGGGGGGGGGGGGGGGGGGGGGGGGGGGGGGGGGGGGGGGGGGGGGGGGGGGGGGGGGGGGGGGGGGGGGGGGGGGGGGGGW
WGGGGGGGGGGGGGGGGGGGGGGGGGGGGGGGGGGGGGGGGGGGGGGGGGGGGGGGGGGGGGGGGGGGGGGGGGGGGGGGGGGGGGGGGGGGGGGGGGGW
WGGGGGGGGGGGGGGGGGGGGGGGGGGGGGGGGGGGGGGGGGGGGGGGGGGGGGGGGGGGGGGGGGGGGGGGGGGGGGGGGGGGGGGGGGGGGGGGGGGW
WGGGGGGGGGGGGGGGGGGGGGGGGGGGGGGGGGGGGGGGGGGGGGGGGGGGGGGGGGGGGGGGGGGGGGGGGGGGGGGGGGGGGGGGGGGGGGGGGGGW
WGGGGGGGGGGGGGGGGGGGGGGGGGGGGGGGGGGGGGGGGGGGGGGGGGGGGGGGGGGGGGGGGGGGGGGGGGGGGGGGGGGGGGGGGGGGGGGGGGGW
WGGGGGGGGGGGGGGGGGGGGGGGGGGGGGGGGGGGGGGGGGGGGGGGGGGGGGGGGGGGGGGGGGGGGGGGGGGGGGGGGGGGGGGGGGGGGGGGGGGW
WWWWWWWWWWWWWWWWWWWWWWWWWWWWWWWWWWWWWWWWWWWWWWWWWWWWWWWWWWWWWWWWWWWWWWWWWWWWWWWWWWWWWWWWWWWWWWWWWWWW